// Jest Snapshot v1, https://goo.gl/fbAQLP

exports[`DropTarget renders 1`] = `
<div class="drop-target-container">
  <span></span>
</div>
`;
